[
  "/src/tmps1xr1slifile.jpg_blendshapes.json",
  "/src/tmps1xr1slifile.jpg_debug.jpg"
]
